Python 3.12.14
Linux 5ceeb5d558da 6.17.0-1022-azure #22-Ubuntu SMP Mon Jul 27 17:24:03 UTC 2026 x86_64 GNU/Linux
Filename				Type		Size		Used		Priority
/swapfile                               file		3145724		0		-2
{"process_cgroup_limits": {"cpu.max": "100000 100000", "memory.max": "4294967296", "memory.swap.max": "0"}}
{"step": "tests", "returncode": 0, "wall_seconds": 2.839803842000009, "child_cpu_seconds": 2.837666, "timed_out": false}
{"step": "pilot", "returncode": 0, "wall_seconds": 2.4773996499999953, "child_cpu_seconds": 2.475127, "timed_out": false}
{"step": "guarded-division", "returncode": 0, "wall_seconds": 2.3985636820000025, "child_cpu_seconds": 2.3968469999999993, "timed_out": false}
{"step": "fault-prefix", "returncode": 0, "wall_seconds": 3.5605726520000047, "child_cpu_seconds": 3.5597380000000003, "timed_out": false}
{"step": "memory-token", "returncode": 0, "wall_seconds": 0.9992499439999989, "child_cpu_seconds": 0.9962719999999994, "timed_out": false}
{"step": "recurrence-one", "returncode": 0, "wall_seconds": 0.7221809339999936, "child_cpu_seconds": 0.7214720000000003, "timed_out": false}
{"step": "recurrence-three", "returncode": 0, "wall_seconds": 4.541040694000003, "child_cpu_seconds": 4.539647000000002, "timed_out": false}
{"step": "complementary", "returncode": 0, "wall_seconds": 2.5923187889999895, "child_cpu_seconds": 2.5914, "timed_out": false}
{"step": "two-predicates", "returncode": 0, "wall_seconds": 0.28767039499999214, "child_cpu_seconds": 0.28708299999999554, "timed_out": false}
{"step": "identity-boundary", "returncode": 0, "wall_seconds": 0.48066077800000073, "child_cpu_seconds": 0.4801520000000039, "timed_out": false}
{"step": "mutations", "returncode": 0, "wall_seconds": 0.24429257299999563, "child_cpu_seconds": 0.24368899999999982, "timed_out": false}
{"step": "resources", "returncode": 0, "wall_seconds": 0.7918290869999964, "child_cpu_seconds": 0.7911970000000004, "timed_out": false}
{"step": "generated", "returncode": 0, "wall_seconds": 4.706695570999997, "child_cpu_seconds": 4.705264999999997, "timed_out": false}
{"step": "certificate-oracle", "returncode": 0, "wall_seconds": 0.8775560629999859, "child_cpu_seconds": 0.8771380000000022, "timed_out": false}
{"step": "dominance", "returncode": 0, "wall_seconds": 13.778581035000002, "child_cpu_seconds": 13.774650999999999, "timed_out": false}
{"step": "frontier-selectors", "returncode": 0, "wall_seconds": 0.7477081860000112, "child_cpu_seconds": 0.7463770000000025, "timed_out": false}
{"step": "frontier-storage", "returncode": 0, "wall_seconds": 0.24227763999999752, "child_cpu_seconds": 0.24124099999999515, "timed_out": false}
{"step": "frontier-quality", "returncode": 0, "wall_seconds": 6.0143511470000135, "child_cpu_seconds": 5.889396000000005, "timed_out": false}
{"step": "frontier-recurrence-tail", "returncode": 0, "wall_seconds": 2.915205446999977, "child_cpu_seconds": 2.9100129999999993, "timed_out": false}
{"step": "frontier-guarded-feedback", "returncode": 0, "wall_seconds": 11.891139824999982, "child_cpu_seconds": 11.886944999999997, "timed_out": false}
{"step": "frontier-cross-feedback", "returncode": 0, "wall_seconds": 18.045304074, "child_cpu_seconds": 18.038084000000005, "timed_out": false}
{"step": "frontier-functional-feedback", "returncode": 0, "wall_seconds": 6.918937260999996, "child_cpu_seconds": 6.911151999999987, "timed_out": false}
{"step": "frontier-controls", "returncode": 0, "wall_seconds": 0.24749805400000469, "child_cpu_seconds": 0.24399300000000324, "timed_out": false}
{"step": "frontier-inherited-0", "returncode": 0, "wall_seconds": 1.6408794360000059, "child_cpu_seconds": 1.6284500000000008, "timed_out": false}
{"step": "frontier-inherited-1", "returncode": 0, "wall_seconds": 1.477096495999973, "child_cpu_seconds": 1.4640739999999965, "timed_out": false}
{"step": "frontier-inherited-2", "returncode": 0, "wall_seconds": 1.7006712749999906, "child_cpu_seconds": 1.6841720000000038, "timed_out": false}
{"step": "frontier-inherited-3", "returncode": 0, "wall_seconds": 1.501285409000019, "child_cpu_seconds": 1.4858499999999992, "timed_out": false}
{"step": "frontier-inherited-4", "returncode": 0, "wall_seconds": 1.2791793410000025, "child_cpu_seconds": 1.2664180000000158, "timed_out": false}
{"step": "frontier-inherited-5", "returncode": 0, "wall_seconds": 1.574326090999989, "child_cpu_seconds": 1.5645089999999868, "timed_out": false}
{"step": "frontier-inherited-6", "returncode": 0, "wall_seconds": 1.5208325220000063, "child_cpu_seconds": 1.508915000000016, "timed_out": false}
{"step": "frontier-inherited-7", "returncode": 0, "wall_seconds": 1.5878585499999929, "child_cpu_seconds": 1.5784669999999892, "timed_out": false}
{"step": "frontier-inherited", "returncode": 0, "wall_seconds": 0.23667931400001407, "child_cpu_seconds": 0.23583499999999447, "timed_out": false}
{"step": "frontier-boundary", "returncode": 0, "wall_seconds": 2.7906853439999963, "child_cpu_seconds": 2.6312130000000025, "timed_out": false}
{"step": "frontier-designs", "returncode": 0, "wall_seconds": 0.4919723840000074, "child_cpu_seconds": 0.4911300000000125, "timed_out": false}
{"step": "frontier-scaling", "returncode": 0, "wall_seconds": 8.784531942000001, "child_cpu_seconds": 8.781880999999984, "timed_out": false}
{"step": "frontier-startup", "returncode": 0, "wall_seconds": 2.5309151740000004, "child_cpu_seconds": 2.5245240000000138, "timed_out": false}
{"step": "frontier-hybrid-oracle", "returncode": 0, "wall_seconds": 0.40101540500000965, "child_cpu_seconds": 0.3991939999999943, "timed_out": false}
{"step": "frontier-hybrid-designs", "returncode": 0, "wall_seconds": 0.46568720800001984, "child_cpu_seconds": 0.46476599999999735, "timed_out": false}
{"step": "replay-three-tickets", "returncode": 0, "wall_seconds": 2.175421173000018, "child_cpu_seconds": 2.1719030000000004, "timed_out": false}
{"step": "replay-small-oracle", "returncode": 0, "wall_seconds": 0.3925110909999887, "child_cpu_seconds": 0.38045600000000945, "timed_out": false}
{"step": "replay-structured", "returncode": 0, "wall_seconds": 3.4742863889999853, "child_cpu_seconds": 3.4127739999999847, "timed_out": false}
{"step": "reconcile", "returncode": 0, "wall_seconds": 0.47260617799997817, "child_cpu_seconds": 0.4719440000000077, "timed_out": false}
{"step": "frontier-reconcile", "returncode": 0, "wall_seconds": 0.13781587100001502, "child_cpu_seconds": 0.13715799999999945, "timed_out": false}
{"step": "replay-reconcile", "returncode": 0, "wall_seconds": 0.154309158000018, "child_cpu_seconds": 0.15360099999999477, "timed_out": false}
